00000106 A num_got_entries
a0200000 T _start
a0200400 t reset
a02006e4 T relocate_code
a0200740 t in_ram
a02007a0 t romReserved
a02007a4 t romExcHandle
a02007b0 T sbrk
a0200800 T board_init_f
a0200b84 T OperationSelect
a0200c44 T tftp_config
a0201118 T trigger_hw_reset
a0201120 T config_usb_ehciohci
a0201158 T board_init_r
a02020e0 T hang
a0202110 T rw_rf_reg
a020220c T do_rw_rf
a0202350 t mips_count_get
a0202358 T timer_init
a020236c T get_timer
a02023b0 T udelay
a0202440 T NetSetEther
a02024c0 T ArpRequest
a020262c t startAgainTimeout
a0202648 t startAgainHandler
a0202650 T NetSetTimeout
a02026b4 T NetSetHandler
a02026cc T NetStartAgain
a02027c0 T ArpTimeoutCheck
a0202890 T NetSendPacket
a02028a8 T NetCksum
a02028f0 T NetSetIP
a0202a64 T NetSendUDPPacket
a0202c30 T NetCksumOk
a0202c70 T NetReceive
a020326c T NetEthHdrSize
a0203274 T copy_filename
a02032e8 T ip_to_string
a0203368 T string_to_ip
a020342c T getenv_IPaddr
a0203468 T NetLoop
a0203914 T print_IPaddr
a0203960 T TftpSend
a0203b80 t TftpHandler
a0203f30 t TftpTimeout
a0203fc4 T TftpStart
a0204270 T eth_parse_enetaddr
a0204310 T eth_register
a020437c T eth_initialize
a02045bc T eth_try_another
a02045f4 T eth_init
a02046a4 T eth_halt
a02046fc T eth_send
a0204734 T eth_rx
a0204770 T START_ETH
a02047d0 T STOP_ETH
a0204838 T rt2880_free_buf_entry_dequeue
a020486c t rt2880_free_buf_entry_enqueue
a02048ec T rt2880_eth_initialize
a0204b3c T LANWANPartition
a0204b44 T isDMABusy
a0204bb4 t rt2880_eth_init
a0204ed0 T rt305x_esw_init
a02051c4 t rt2880_eth_send
a02053c4 t rt2880_eth_recv
a02055b0 T rt2880_eth_halt
a02055c8 t delete_char
a0205720 T readline
a0205a04 T input_value
a0205aa0 T enable_mdio
a0205ad4 T mii_mgr_read
a0205c5c T mii_mgr_write
a0205de4 T dump_phy_reg
a0205f98 T rt2880_mdio_access
a0206450 t spic_busy_wait
a02064c0 t spic_transfer
a02066c0 t spic_read
a02066fc t spic_write
a0206738 T spic_init
a020687c t raspi_read_sr
a0206900 t raspi_write_sr
a0206984 t raspi_wait_ready
a0206a68 t raspi_4byte_mode
a0206c38 T chip_prob
a0206da4 T raspi_init
a0206dfc T raspi_erase
a020708c T raspi_read
a020720c T raspi_write
a0207568 T raspi_erase_write
a0207988 T do_mem_cp
a0207ab4 T do_flerase
a0207db0 T run_command
a02082b4 T main_loop
a02083c0 T do_go
a02084a0 T print_image_hdr
a0208854 t zalloc
a0208878 t zfree
a0208890 T gunzip
a0208a74 T do_bootm
a0209110 T send_pad
a0209168 T ktrans
a02091a4 T chk1
a02091dc T s1_sendpacket
a020923c T send_ack
a02092c8 T send_nack
a0209354 t bin_data_init
a0209384 t bin_data_char
a02093d0 T k_data_init
a02093f0 T k_data_save
a0209440 T k_data_restore
a0209490 T k_data_char
a0209534 T handle_send_packet
a0209794 T do_load_serial_bin
a0209df0 T do_tftpb
a020a220 T cmd_get_data_size
a020a2d8 T do_mem_md
a020a5a8 T do_mem_base
a020a614 T do_mem_loop
a020a79c t mod_mem
a020a9a8 T do_mem_nm
a020a9f0 T do_mem_mm
a020aa40 t envmatch
a020aae4 T do_printenv
a020ad54 T _do_setenv
a020b444 T setenv
a020b498 T do_setenv
a020b50c T getenv
a020b5e4 T do_saveenv
a020b640 T do_version
a020b680 T find_cmd
a020b7a0 T do_help
a020ba30 t console_setfile
a020bb18 T serial_printf
a020bb70 T fgetc
a020bba8 T ftstc
a020bbe0 T fputc
a020bc24 T fputs
a020bc64 T fprintf
a020bcc4 T getc
a020bd04 T tstc
a020bd44 T putc
a020bd8c T puts
a020bdcc T printf
a020be24 T vprintf
a020be70 T ctrlc
a020bef4 T disable_ctrlc
a020bf10 T had_ctrlc
a020bf28 T clear_ctrlc
a020bf40 T dbg
a020bf50 T console_assign
a020c06c T console_init_f
a020c07c T console_init_r
a020c1f0 T device_register
a020c234 T devices_init
a020c330 T devices_done
a020c370 T malloc_bin_reloc
a020c3b0 t do_check_chunk
a020c3b8 t do_check_free_chunk
a020c3c0 t do_check_inuse_chunk
a020c3c8 t do_check_malloced_chunk
a020c3d0 T malloc_trim
a020c4f8 T free
a020c76c T malloc
a020ceb8 T realloc
a020d42c T memalign
a020d5c4 T valloc
a020d5e0 T pvalloc
a020d604 T calloc
a020d718 T cfree
a020d730 T malloc_usable_size
a020d788 T mallopt
a020d820 T env_crc_update
a020d870 t env_get_char_init
a020d8bc T env_get_char_memory
a020d8f0 T env_get_addr
a020d920 T env_relocate
a020da60 t dummy
a020da68 T get_version
a020da70 T jumptable_init
a020db10 T NewHandle
a020dbbc T DisposeHandle
a020dc18 T GetHandleSize
a020dc20 T SetHandleSize
a020dce8 T ListCreate
a020dd58 T ListDispose
a020dd70 T ListInsertItems
a020dfbc T ListInsertItem
a020dfd4 T ListGetPtrToItem
a020e014 T ListNumItems
a020e020 T env_get_char_spec
a020e030 T env_init
a020e054 T spi_env_init
a020e120 T saveenv
a020e27c T env_relocate_spec
a020e2b0 T crc32
a020e4d0 T display_options
a020e510 T print_size
a020e620 T strchr
a020e65c T strlen
a020e680 T strrchr
a020e6f8 T strnlen
a020e734 T memset
a020e760 T memcpy
a020e790 T memmove
a020e80c T memcmp
a020e840 T simple_strtoul
a020e934 T simple_strtol
a020e984 t skip_atoi
a020e9e4 t number
a020ec58 T vsprintf
a020f1b4 T sprintf
a020f1f0 t inflate_codes_free
a020f208 t inflate_trees_free
a020f26c t inflate_blocks_reset
a020f39c T inflateEnd
a020f468 T inflateReset
a020f4dc T inflateSync
a020f61c T inflateInit2
a020f7c4 T inflateInit
a020f7dc t inflate_codes_new
a020f858 T inflateIncomp
a020f9e4 t inflate_flush
a020fba0 t huft_build
a0210108 t falloc
a0210138 t ffree
a0210140 T inflate
a0211f68 T adler32
a0212130 T RangeDecoderReadByte
a0212164 T RangeDecoderInit
a02121ec T RangeDecoderDecodeDirectBits
a02122a8 T RangeDecoderBitDecode
a02123bc T RangeDecoderBitTreeDecode
a0212450 T RangeDecoderReverseBitTreeDecode
a02124f4 T LzmaLiteralDecode
a0212564 T LzmaLiteralDecodeMatch
a021263c T LzmaLenDecode
a0212728 T LzmaDecode
a0212b9c T lzmaBuffToBuffDecompress
a0212db0 T get_ram_size
a0212ee4 T initdram
a0212f20 T checkboard
a0212f60 T serial_setbrg
a0213038 T serial_init
a0213070 T serial_putc
a02130c4 T serial_tstc
a02130d8 T serial_getc
a02130fc T serial_puts
a0213150 T do_reset
a0213168 T flush_cache
a0213170 t linux_env_set
a0213298 T do_bootm_linux
a0213a80 R version_string
a0213b20 r __func__.2
a0213b30 r __func__.1
a0213b40 r __func__.3
a0213b50 r __func__.6
a0213b64 r __func__.7
a0213b78 r __func__.10
a0213b8c r __func__.9
a0213b98 r __func__.0
a0213ba8 r __func__.8
a0213bb4 r __func__.5
a0213bc0 r __func__.4
a0213ca0 r baudrate_table
a0213cc0 r __FUNCTION__.0
a0213cd0 r p.0
a0216ec0 D NetBcastAddr
a0216ed0 d tab_seq
a0216edc d erase_seq
a0216ee0 D load_addr
a0216ef0 D dp_last_length
a0216f00 d mmap_threshold
a0216f04 d trim_threshold
a0216f08 d sbrk_base
a0216f10 D default_environment
a0216f80 d flash_addr
a0216f90 d crc_table_empty
a0216fa0 d inflate_mask
a0216fe4 d border
a0217030 d cpdext
a02170a8 d cpdist
a0217120 d cplext
a021719c d cplens
a0217218 d fixed_left
a0217220 D _ctype
a0217320 d chips_data
a0217548 D stdio_names
a0217554 d av_
a021795c D env_get_char
a0217960 D env_name_spec
a0217964 D z_errmsg
a0217984 D zlib_version
a0217990 A _gp
a0217990 D _GLOBAL_OFFSET_TABLE_
a0217990 D __got_start
a0217da8 A __u_boot_cmd_start
a0217da8 D __got_end
a0217da8 D __u_boot_cmd_rf
a0217dc0 D __u_boot_cmd_mdio
a0217dd8 D __u_boot_cmd_erase
a0217df0 D __u_boot_cmd_cp
a0217e08 D __u_boot_cmd_reset
a0217e20 D __u_boot_cmd_go
a0217e38 D __u_boot_cmd_bootm
a0217e50 D __u_boot_cmd_loadb
a0217e68 D __u_boot_cmd_tftpboot
a0217e80 D __u_boot_cmd_nm
a0217e98 D __u_boot_cmd_mm
a0217eb0 D __u_boot_cmd_md
a0217ec8 D __u_boot_cmd_saveenv
a0217ee0 D __u_boot_cmd_setenv
a0217ef8 D __u_boot_cmd_printenv
a0217f10 D __u_boot_cmd_question_mark
a0217f28 D __u_boot_cmd_help
a0217f40 D __u_boot_cmd_version
a0217f58 A __u_boot_cmd_end
a0217f58 A uboot_end_data
a0217f60 B modifies
a0217f64 b mem_malloc_start
a0217f68 b mem_malloc_end
a0217f6c b mem_malloc_brk
a0217f70 b file_name_space
a0217ff0 B NetTxPacket
a0217ff4 B NetEtherNullAddr
a0217ffc B NetServerEther
a0218002 B NetBootFileSize
a0218004 B NetOurRootPath
a0218044 B NetOurHostName
a0218064 B NetOurNISDomain
a0218084 B NetOurDNSIP
a0218088 B NetOurGatewayIP
a021808c B NetOurSubnetMask
a0218090 b packetHandler
a0218094 b timeHandler
a0218098 b timeStart
a021809c b timeDelta
a02180a0 b TftpServerPort
a02180a4 b TftpOurPort
a02180a8 b TftpTimeoutCount
a02180ac b TftpBlock
a02180b0 b TftpLastBlock
a02180b4 b TftpBlockWrap
a02180b8 b TftpBlockWrapOffset
a02180bc b TftpState
a02180c0 b default_filename
a02180d0 b tftp_filename
a02180e0 b first_failed.0
a02180e4 b eth_devices
a02180e8 b eth_current
a0218100 b rt2880_free_buf
a02183e0 b tx_ring0_cache
a0218560 b rx_ring_cache
a02186e0 b rx_dma_owner_idx0
a02186e4 b rx_wants_alloc_idx0
a02186e8 b tx_cpu_owner_idx0
a02186ec b rx_ring
a02186f0 b tx_ring0
a02186f4 b rxRingSize
a02186f5 b txRingSize
a02186f8 b rt2880_eth_initd
a02186fc b PKT_HEADER_Buf_Pool
a022ef40 B spi_chip_info
a022ef44 b spi_wait_nsec
a022ef50 b lastcommand.0
a022f050 b a_b
a022f068 b os_data_state
a022f06c b os_data_state_saved
a022f070 b os_data_count_saved
a022f074 b os_data_addr
a022f078 b os_data_addr_saved
a022f07c b bin_start_address
a022f080 b k_data_escape
a022f084 b k_data_escape_saved
a022f090 b base_address
a022f0a0 b ctrlc_was_pressed
a022f0a4 b ctrlc_disabled
a022f0b0 B stdio_devices
a022f0bc B devlist
a022f0c0 b n_mmaps_max
a022f0c4 b top_pad
a022f0c8 b current_mallinfo
a022f0f0 b max_total_mem
a022f0f4 b mmapped_mem
a022f0f8 b max_sbrked_mem
a022f100 b crc_table
a022f500 b fixed_built
a022f504 b fixed_lock
a022f508 b fixed_mem
a0230598 b fixed_bl
a023059c b fixed_bd
a02305a0 b fixed_tl
a02305a4 b fixed_td
a02305b0 b linux_argc
a02305b4 b linux_argv
a02305b8 b linux_env
a02305bc b linux_env_p
a02305c0 b linux_env_idx
a02305d0 B gd_data
a02305f4 B Pkt_Buf_Pool
a0247a34 B NetRxPackets
a0247b24 B BootFile
a0247ba4 B NetArpWaitPacketBuf
a02481e4 B console_buffer
a02482e4 B console_history
a0248ce4 B header
a0248d24 B os_data_header
a0248d44 B send_parms
a0248d58 A uboot_end
a0248d58 C monitor_flash_len
a0248d5c C mips_bus_feq
a0248d60 C mips_cpu_feq
a0248d64 C NetArpWaitTry
a0248d68 C NetArpWaitPacketMAC
a0248d6c C NetOurEther
a0248d74 C NetOurIP
a0248d78 C NetServerIP
a0248d7c C NetArpWaitTxPacketSize
a0248d80 C NetArpWaitReplyIP
a0248d84 C NetArpWaitTxPacket
a0248d88 C NetArpWaitPacketIP
a0248d8c C NetState
a0248d90 C NetIPID
a0248d94 C NetRxPkt
a0248d98 C NetRxPktLen
a0248d9c C NetBootFileXferSize
a0248da0 C PktBuf
a0248da4 C NetArpWaitTimerStart
a0248da8 C TftpStarted
a0248dac C rt2880_free_buf_list
a0248db4 C PKT_HEADER_Buf
a0248db8 C rt2880_pdev
a0248dbc C rt2880_busing_buf_list
a0248dc4 C his_pad_char
a0248dc8 C os_data_count
a0248dcc C os_data_init
a0248dd0 C send_ptr
a0248dd4 C os_data_char
a0248dd8 C his_eol
a0248dd9 C his_quote
a0248ddc C his_pad_count
a0248de0 C dp_last_size
a0248de4 C dp_last_addr
a0248de8 C mm_last_size
a0248dec C mm_last_addr
a0248df0 C env_ptr
a0248df4 C ___strtok
